\BOOKMARK [1][-]{cover.1}{\376\377\134\001\000\040\227\142}{}% 1
\BOOKMARK [1][-]{title.1}{\376\377\150\007\000\040\230\230}{}% 2
\BOOKMARK [1][-]{section.1}{\376\377\0001\000\040\225\356\230\230\221\315\217\360}{}% 3
\BOOKMARK [2][-]{subsection.1.1}{\376\377\0001\000.\0001\000\040\225\356\230\230\200\314\146\157}{section.1}% 4
\BOOKMARK [2][-]{subsection.1.2}{\376\377\0001\000.\0002\000\040\225\356\230\230\143\320\121\372}{section.1}% 5
\BOOKMARK [1][-]{section.2}{\376\377\0002\000\040\152\041\127\213\120\107\213\276}{}% 6
\BOOKMARK [1][-]{section.3}{\376\377\0003\000\040\173\046\123\367\213\364\146\016}{}% 7
\BOOKMARK [1][-]{section.4}{\376\377\0004\000\040\225\356\230\230\116\000\377\032\123\125\160\271\137\200\217\324\147\000\131\047\133\211\121\150\217\175\203\167\116\016\215\047\173\261\176\304\142\171}{}% 8
\BOOKMARK [2][-]{subsection.4.1}{\376\377\0004\000.\0001\000\040\225\356\230\230\122\006\147\220}{section.4}% 9
\BOOKMARK [2][-]{subsection.4.2}{\376\377\0004\000.\0002\000\040\152\041\127\213\136\372\172\313}{section.4}% 10
\BOOKMARK [3][-]{subsubsection.4.2.1}{\376\377\0004\000.\0002\000.\0001\000\040\230\336\210\114\145\366\225\364\152\041\127\213}{subsection.4.2}% 11
\BOOKMARK [3][-]{subsubsection.4.2.2}{\376\377\0004\000.\0002\000.\0002\000\040\200\375\200\027\152\041\127\213}{subsection.4.2}% 12
\BOOKMARK [3][-]{subsubsection.4.2.3}{\376\377\0004\000.\0002\000.\0003\000\040\147\000\131\047\133\211\121\150\217\175\203\167\154\102\211\343}{subsection.4.2}% 13
\BOOKMARK [3][-]{subsubsection.4.2.4}{\376\377\0004\000.\0002\000.\0004\000\040\215\047\173\261\176\304\142\171\152\041\127\213}{subsection.4.2}% 14
\BOOKMARK [2][-]{subsection.4.3}{\376\377\0004\000.\0003\000\040\152\041\127\213\154\102\211\343}{section.4}% 15
\BOOKMARK [2][-]{subsection.4.4}{\376\377\0004\000.\0004\000\040\176\323\147\234\122\006\147\220}{section.4}% 16
\BOOKMARK [1][-]{section.5}{\376\377\0005\000\040\225\356\230\230\116\214\377\032\137\002\147\204\145\340\116\272\147\072\131\032\160\271\131\032\147\266\153\041\214\003\136\246}{}% 17
\BOOKMARK [2][-]{subsection.5.1}{\376\377\0005\000.\0001\000\040\225\356\230\230\122\006\147\220}{section.5}% 18
\BOOKMARK [2][-]{subsection.5.2}{\376\377\0005\000.\0002\000\040\152\041\127\213\136\372\172\313}{section.5}% 19
\BOOKMARK [3][-]{subsubsection.5.2.1}{\376\377\0005\000.\0002\000.\0001\000\040\121\263\173\126\123\330\221\317}{subsection.5.2}% 20
\BOOKMARK [3][-]{subsubsection.5.2.2}{\376\377\0005\000.\0002\000.\0002\000\040\214\003\136\246\211\304\122\031}{subsection.5.2}% 21
\BOOKMARK [3][-]{subsubsection.5.2.3}{\376\377\0005\000.\0002\000.\0003\000\040\166\356\150\007\121\375\145\160}{subsection.5.2}% 22
\BOOKMARK [3][-]{subsubsection.5.2.4}{\376\377\0005\000.\0002\000.\0004\000\040\154\102\211\343\173\227\154\325}{subsection.5.2}% 23
\BOOKMARK [2][-]{subsection.5.3}{\376\377\0005\000.\0003\000\040\152\041\127\213\154\102\211\343\116\016\176\323\147\234}{section.5}% 24
\BOOKMARK [3][-]{subsubsection.5.3.1}{\376\377\0005\000.\0003\000.\0001\000\040\131\032\166\356\150\007\147\103\210\141}{subsection.5.3}% 25
\BOOKMARK [3][-]{subsubsection.5.3.2}{\376\377\0005\000.\0003\000.\0002\000\040\127\107\210\141\214\003\136\246\145\271\150\110}{subsection.5.3}% 26
\BOOKMARK [2][-]{subsection.5.4}{\376\377\0005\000.\0004\000\040\176\323\147\234\122\006\147\220}{section.5}% 27
\BOOKMARK [1][-]{section.6}{\376\377\0006\000\040\225\356\230\230\116\011\377\032\220\032\117\341\176\246\147\137\116\013\217\320\217\223\116\016\116\055\176\347\200\124\124\010\214\003\136\246}{}% 28
\BOOKMARK [2][-]{subsection.6.1}{\376\377\0006\000.\0001\000\040\225\356\230\230\122\006\147\220}{section.6}% 29
\BOOKMARK [2][-]{subsection.6.2}{\376\377\0006\000.\0002\000\040\220\032\117\341\224\376\215\357\152\041\127\213}{section.6}% 30
\BOOKMARK [3][-]{subsubsection.6.2.1}{\376\377\0006\000.\0002\000.\0001\000\040\201\352\165\061\172\172\225\364\143\137\200\027\116\016\224\376\215\357\230\204\173\227}{subsection.6.2}% 31
\BOOKMARK [3][-]{subsubsection.6.2.2}{\376\377\0006\000.\0002\000.\0002\000\040\127\060\137\142\220\156\143\041\122\044\133\232}{subsection.6.2}% 32
\BOOKMARK [2][-]{subsection.6.3}{\376\377\0006\000.\0003\000\040\116\055\176\347\136\003\213\276}{section.6}% 33
\BOOKMARK [2][-]{subsection.6.4}{\376\377\0006\000.\0004\000\040\217\320\217\223\116\016\116\055\176\347\166\204\200\124\124\010\214\003\136\246}{section.6}% 34
\BOOKMARK [3][-]{subsubsection.6.4.1}{\376\377\0006\000.\0004\000.\0001\000\040\220\020\123\072\153\265\220\032\117\341\122\044\133\232}{subsection.6.4}% 35
\BOOKMARK [3][-]{subsubsection.6.4.2}{\376\377\0006\000.\0004\000.\0002\000\040\211\206\166\326\133\241\150\070\116\016\116\055\176\347\145\366\136\217\211\304\122\022}{subsection.6.4}% 36
\BOOKMARK [2][-]{subsection.6.5}{\376\377\0006\000.\0005\000\040\200\124\124\010\214\003\136\246\176\323\147\234}{section.6}% 37
\BOOKMARK [2][-]{subsection.6.6}{\376\377\0006\000.\0006\000\040\176\323\147\234\122\006\147\220}{section.6}% 38
\BOOKMARK [1][-]{section.7}{\376\377\0007\000\040\145\117\141\037\140\047\122\006\147\220}{}% 39
\BOOKMARK [2][-]{subsection.7.1}{\376\377\0007\000.\0001\000\040\217\324\202\052\133\211\121\150\117\131\221\317\153\324\117\213\166\204\145\117\141\037\140\047}{section.7}% 40
\BOOKMARK [2][-]{subsection.7.2}{\376\377\0007\000.\0002\000\040\131\032\166\356\150\007\147\103\221\315\166\204\145\117\141\037\140\047}{section.7}% 41
\BOOKMARK [2][-]{subsection.7.3}{\376\377\0007\000.\0003\000\040\116\055\176\347\200\375\156\220\230\204\173\227\166\204\145\117\141\037\140\047}{section.7}% 42
\BOOKMARK [2][-]{subsection.7.4}{\376\377\0007\000.\0004\000\040\220\032\117\341\224\376\215\357\117\131\221\317\166\204\145\117\141\037\140\047}{section.7}% 43
\BOOKMARK [2][-]{subsection.7.5}{\376\377\0007\000.\0005\000\040\134\017\176\323}{section.7}% 44
\BOOKMARK [1][-]{section.8}{\376\377\0008\000\040\225\356\230\230\126\333\377\032\116\373\122\241\122\006\123\072\116\016\215\104\156\220\221\115\177\156}{}% 45
\BOOKMARK [2][-]{subsection.8.1}{\376\377\0008\000.\0001\000\040\225\356\230\230\122\006\147\220}{section.8}% 46
\BOOKMARK [2][-]{subsection.8.2}{\376\377\0008\000.\0002\000\040\122\006\123\072\145\271\150\110}{section.8}% 47
\BOOKMARK [2][-]{subsection.8.3}{\376\377\0008\000.\0003\000\040\147\000\134\017\147\072\226\037\154\102\211\343}{section.8}% 48
\BOOKMARK [2][-]{subsection.8.4}{\376\377\0008\000.\0004\000\040\121\227\117\131\131\007\116\375\116\016\136\223\133\130\150\070\173\227}{section.8}% 49
\BOOKMARK [2][-]{subsection.8.5}{\376\377\0008\000.\0005\000\040\162\354\172\313\117\335\226\234\200\375\122\233\176\323\213\272}{section.8}% 50
\BOOKMARK [1][-]{section.9}{\376\377\0009\000\040\152\041\127\213\213\304\116\367\116\016\143\250\136\177}{}% 51
\BOOKMARK [2][-]{subsection.9.1}{\376\377\0009\000.\0001\000\040\152\041\127\213\117\030\160\271}{section.9}% 52
\BOOKMARK [2][-]{subsection.9.2}{\376\377\0009\000.\0002\000\040\152\041\127\213\134\100\226\120}{section.9}% 53
\BOOKMARK [2][-]{subsection.9.3}{\376\377\0009\000.\0003\000\040\152\041\127\213\143\250\136\177}{section.9}% 54
\BOOKMARK [1][-]{section*.35}{\376\377\123\302\200\003\145\207\163\056}{}% 55
\BOOKMARK [1][-]{appendix.1.A}{\376\377\226\104\137\125\000\040\000A\000\040\150\070\137\303\116\343\170\001}{}% 56
